Error in thread1:
Traceback (most recent call last):
Error in thread6:
Traceback (most recent call last):
Error in thread8:
Traceback (most recent call last):
Error in thread9:
Traceback (most recent call last):
Error in thread4:
Traceback (most recent call last):
Error in thread14:
Traceback (most recent call last):
Error in thread13:
Traceback (most recent call last):
Error in thread7:
Traceback (most recent call last):
Error in thread15:
Traceback (most recent call last):
Error in thread2:
Traceback (most recent call last):
Error in thread10:
Traceback (most recent call last):
Error in thread5:
Traceback (most recent call last):
Error in thread3:
Traceback (most recent call last):
Error in thread12:
Traceback (most recent call last):
Error in thread11:
Traceback (most recent call last):
Error in thread1:
Traceback (most recent call last):
  File "d:\Projekty\Projekty_VSC\Python\Python_PL_KW_\Sekcja14_Programowanie_wielowątkowe\07 threads\temp.py", line 33, in run
    t = 1 / 0  # 👇 sztuczny wyjątek, żeby przetestować logowanie
        ~~^~~
ZeroDivisionError: division by zero

Error in thread12:
Traceback (most recent call last):
  File "d:\Projekty\Projekty_VSC\Python\Python_PL_KW_\Sekcja14_Programowanie_wielowątkowe\07 threads\temp.py", line 33, in run
    t = 1 / 0  # 👇 sztuczny wyjątek, żeby przetestować logowanie
        ~~^~~
ZeroDivisionError: division by zero

Error in thread6:
Traceback (most recent call last):
  File "d:\Projekty\Projekty_VSC\Python\Python_PL_KW_\Sekcja14_Programowanie_wielowątkowe\07 threads\temp.py", line 33, in run
    t = 1 / 0  # 👇 sztuczny wyjątek, żeby przetestować logowanie
        ~~^~~
ZeroDivisionError: division by zero

Error in thread13:
Traceback (most recent call last):
  File "d:\Projekty\Projekty_VSC\Python\Python_PL_KW_\Sekcja14_Programowanie_wielowątkowe\07 threads\temp.py", line 33, in run
    t = 1 / 0  # 👇 sztuczny wyjątek, żeby przetestować logowanie
        ~~^~~
ZeroDivisionError: division by zero

Error in thread7:
Traceback (most recent call last):
  File "d:\Projekty\Projekty_VSC\Python\Python_PL_KW_\Sekcja14_Programowanie_wielowątkowe\07 threads\temp.py", line 33, in run
    t = 1 / 0  # 👇 sztuczny wyjątek, żeby przetestować logowanie
        ~~^~~
ZeroDivisionError: division by zero

Error in thread14:
Traceback (most recent call last):
  File "d:\Projekty\Projekty_VSC\Python\Python_PL_KW_\Sekcja14_Programowanie_wielowątkowe\07 threads\temp.py", line 33, in run
    t = 1 / 0  # 👇 sztuczny wyjątek, żeby przetestować logowanie
        ~~^~~
ZeroDivisionError: division by zero

Error in thread15:
Traceback (most recent call last):
  File "d:\Projekty\Projekty_VSC\Python\Python_PL_KW_\Sekcja14_Programowanie_wielowątkowe\07 threads\temp.py", line 33, in run
    t = 1 / 0  # 👇 sztuczny wyjątek, żeby przetestować logowanie
        ~~^~~
ZeroDivisionError: division by zero

Error in thread2:
Traceback (most recent call last):
  File "d:\Projekty\Projekty_VSC\Python\Python_PL_KW_\Sekcja14_Programowanie_wielowątkowe\07 threads\temp.py", line 33, in run
    t = 1 / 0  # 👇 sztuczny wyjątek, żeby przetestować logowanie
        ~~^~~
ZeroDivisionError: division by zero

Error in thread8:
Traceback (most recent call last):
  File "d:\Projekty\Projekty_VSC\Python\Python_PL_KW_\Sekcja14_Programowanie_wielowątkowe\07 threads\temp.py", line 33, in run
    t = 1 / 0  # 👇 sztuczny wyjątek, żeby przetestować logowanie
        ~~^~~
ZeroDivisionError: division by zero

Error in thread3:
Traceback (most recent call last):
  File "d:\Projekty\Projekty_VSC\Python\Python_PL_KW_\Sekcja14_Programowanie_wielowątkowe\07 threads\temp.py", line 33, in run
    t = 1 / 0  # 👇 sztuczny wyjątek, żeby przetestować logowanie
        ~~^~~
ZeroDivisionError: division by zero

Error in thread4:
Traceback (most recent call last):
  File "d:\Projekty\Projekty_VSC\Python\Python_PL_KW_\Sekcja14_Programowanie_wielowątkowe\07 threads\temp.py", line 33, in run
    t = 1 / 0  # 👇 sztuczny wyjątek, żeby przetestować logowanie
        ~~^~~
ZeroDivisionError: division by zero

Error in thread9:
Traceback (most recent call last):
  File "d:\Projekty\Projekty_VSC\Python\Python_PL_KW_\Sekcja14_Programowanie_wielowątkowe\07 threads\temp.py", line 33, in run
    t = 1 / 0  # 👇 sztuczny wyjątek, żeby przetestować logowanie
        ~~^~~
ZeroDivisionError: division by zero

Error in thread5:
Traceback (most recent call last):
  File "d:\Projekty\Projekty_VSC\Python\Python_PL_KW_\Sekcja14_Programowanie_wielowątkowe\07 threads\temp.py", line 33, in run
    t = 1 / 0  # 👇 sztuczny wyjątek, żeby przetestować logowanie
        ~~^~~
ZeroDivisionError: division by zero

Error in thread11:
Traceback (most recent call last):
  File "d:\Projekty\Projekty_VSC\Python\Python_PL_KW_\Sekcja14_Programowanie_wielowątkowe\07 threads\temp.py", line 33, in run
    t = 1 / 0  # 👇 sztuczny wyjątek, żeby przetestować logowanie
        ~~^~~
ZeroDivisionError: division by zero

Error in thread10:
Traceback (most recent call last):
  File "d:\Projekty\Projekty_VSC\Python\Python_PL_KW_\Sekcja14_Programowanie_wielowątkowe\07 threads\temp.py", line 33, in run
    t = 1 / 0  # 👇 sztuczny wyjątek, żeby przetestować logowanie
        ~~^~~
ZeroDivisionError: division by zero

